23:33:00 I Repo not found, creating matvey-matvey123/vpn-working-configs ...
23:33:03 E Repo creation failed: 404 {'message': 'Not Found', 'documentation_url': 'https://docs.github.com/rest', 'status': '404'}
23:33:03 E Repo setup failed; running without upload
23:33:03 I Starting loop every 600 s (Ctrl+C to stop)
23:33:03 I Cycle start: 45 sources
23:33:03 I Fetching 45 sources...
23:33:07 D GET failed https://raw.githubusercontent.com/expressalaki/ExpressVPN/main/configs3.txt: HTTP Error 404: Not Found
23:33:07 D GET failed https://raw.githubusercontent.com/MahsaNetConfigTopic/config/main/xray_final.txt: HTTP Error 404: Not Found
23:33:12 I Fetched 43/45 sources successfully
23:33:21 I Parsed 460661 unique configs from 532163 URIs
23:33:21 I 460661 unique configs / 92380 endpoints; scanning 300 this cycle (cursor 300)
23:33:21 I TCP-testing 300 configs (timeout=2.5s, workers=250)...
23:33:24 I TCP alive: 275/300
23:33:24 I Wrote 300 configs to C:\Users\GamerssPC\Documents\Default Project\vpn-checker\output
23:33:24 I Cycle done in 21.4s: 275 working, 300 published
23:33:24 I Stopped.
23:33:45 I Repo matvey-matvey123/vpn-working-configs ready (branch main)
23:33:45 I Starting loop every 600 s (Ctrl+C to stop)
23:33:45 I Cycle start: 45 sources
23:33:45 I Fetching 45 sources...
23:33:49 D GET failed https://raw.githubusercontent.com/expressalaki/ExpressVPN/main/configs3.txt: HTTP Error 404: Not Found
23:33:49 D GET failed https://raw.githubusercontent.com/MahsaNetConfigTopic/config/main/xray_final.txt: HTTP Error 404: Not Found
23:33:50 I Fetched 43/45 sources successfully
23:33:58 I Parsed 460661 unique configs from 532163 URIs
23:33:58 I 460661 unique configs / 92380 endpoints; scanning 300 this cycle (cursor 600)
23:33:58 I TCP-testing 300 configs (timeout=2.5s, workers=250)...
23:34:24 I TCP alive: 120/300
23:34:24 I Wrote 300 configs to C:\Users\GamerssPC\Documents\Default Project\vpn-checker\output
23:34:24 I Publishing to GitHub matvey-matvey123/vpn-working-configs ...
23:34:26 I   uploaded _cache_all.txt (65567 bytes)
23:34:27 I   uploaded _state.json (21 bytes)
23:34:29 I   uploaded all.txt (84794 bytes)
23:34:31 I   uploaded hysteria2.txt (2186 bytes)
23:34:32 I   uploaded other.txt (0 bytes)
23:34:34 I   uploaded ss.txt (867 bytes)
23:34:36 I   uploaded ssr.txt (0 bytes)
23:34:38 I   uploaded stats.json (4473 bytes)
23:34:40 I   uploaded sub.txt (112662 bytes)
23:34:42 I   uploaded trojan.txt (32918 bytes)
23:34:43 I   uploaded vless.txt (39233 bytes)
23:34:45 I   uploaded vmess.txt (9590 bytes)
